ERROR - 2026-04-29 08:25:55 --> Error connecting to the database: mysqli_sql_exception: Unknown database 'gestion_note' in /home/moon/Documents/Study/S4/Mr Rojo/Sys information/Projet_codeigniter4/Gestion_note_CodeIgniter4/system/Database/MySQLi/Connection.php:201
Stack trace:
#0 /home/moon/Documents/Study/S4/Mr Rojo/Sys information/Projet_codeigniter4/Gestion_note_CodeIgniter4/system/Database/MySQLi/Connection.php(201): mysqli->real_connect()
#1 /home/moon/Documents/Study/S4/Mr Rojo/Sys information/Projet_codeigniter4/Gestion_note_CodeIgniter4/system/Database/BaseConnection.php(555): CodeIgniter\Database\MySQLi\Connection->connect()
#2 /home/moon/Documents/Study/S4/Mr Rojo/Sys information/Projet_codeigniter4/Gestion_note_CodeIgniter4/system/Database/BaseConnection.php(795): CodeIgniter\Database\BaseConnection->initialize()
#3 /home/moon/Documents/Study/S4/Mr Rojo/Sys information/Projet_codeigniter4/Gestion_note_CodeIgniter4/system/Database/BaseConnection.php(1706): CodeIgniter\Database\BaseConnection->query()
#4 /home/moon/Documents/Study/S4/Mr Rojo/Sys information/Projet_codeigniter4/Gestion_note_CodeIgniter4/system/Database/BaseConnection.php(1726): CodeIgniter\Database\BaseConnection->listTables()
#5 /home/moon/Documents/Study/S4/Mr Rojo/Sys information/Projet_codeigniter4/Gestion_note_CodeIgniter4/system/Database/MigrationRunner.php(821): CodeIgniter\Database\BaseConnection->tableExists()
#6 /home/moon/Documents/Study/S4/Mr Rojo/Sys information/Projet_codeigniter4/Gestion_note_CodeIgniter4/system/Database/MigrationRunner.php(173): CodeIgniter\Database\MigrationRunner->ensureTable()
#7 /home/moon/Documents/Study/S4/Mr Rojo/Sys information/Projet_codeigniter4/Gestion_note_CodeIgniter4/system/Commands/Database/Migrate.php(89): CodeIgniter\Database\MigrationRunner->latest()
#8 /home/moon/Documents/Study/S4/Mr Rojo/Sys information/Projet_codeigniter4/Gestion_note_CodeIgniter4/system/CLI/SignalTrait.php(245): CodeIgniter\Commands\Database\Migrate::CodeIgniter\Commands\Database\{closure}()
#9 /home/moon/Documents/Study/S4/Mr Rojo/Sys information/Projet_codeigniter4/Gestion_note_CodeIgniter4/system/Commands/Database/Migrate.php(88): CodeIgniter\Commands\Database\Migrate->withSignalsBlocked()
#10 /home/moon/Documents/Study/S4/Mr Rojo/Sys information/Projet_codeigniter4/Gestion_note_CodeIgniter4/system/CLI/Commands.php(74): CodeIgniter\Commands\Database\Migrate->run()
#11 /home/moon/Documents/Study/S4/Mr Rojo/Sys information/Projet_codeigniter4/Gestion_note_CodeIgniter4/system/CLI/Console.php(47): CodeIgniter\CLI\Commands->run()
#12 /home/moon/Documents/Study/S4/Mr Rojo/Sys information/Projet_codeigniter4/Gestion_note_CodeIgniter4/system/Boot.php(442): CodeIgniter\CLI\Console->run()
#13 /home/moon/Documents/Study/S4/Mr Rojo/Sys information/Projet_codeigniter4/Gestion_note_CodeIgniter4/system/Boot.php(166): CodeIgniter\Boot::runCommand()
#14 /home/moon/Documents/Study/S4/Mr Rojo/Sys information/Projet_codeigniter4/Gestion_note_CodeIgniter4/spark(87): CodeIgniter\Boot::bootSpark()
#15 {main}

Next CodeIgniter\Database\Exceptions\DatabaseException: Unknown database 'gestion_note' in /home/moon/Documents/Study/S4/Mr Rojo/Sys information/Projet_codeigniter4/Gestion_note_CodeIgniter4/system/Database/MySQLi/Connection.php:231
Stack trace:
#0 /home/moon/Documents/Study/S4/Mr Rojo/Sys information/Projet_codeigniter4/Gestion_note_CodeIgniter4/system/Database/BaseConnection.php(555): CodeIgniter\Database\MySQLi\Connection->connect()
#1 /home/moon/Documents/Study/S4/Mr Rojo/Sys information/Projet_codeigniter4/Gestion_note_CodeIgniter4/system/Database/BaseConnection.php(795): CodeIgniter\Database\BaseConnection->initialize()
#2 /home/moon/Documents/Study/S4/Mr Rojo/Sys information/Projet_codeigniter4/Gestion_note_CodeIgniter4/system/Database/BaseConnection.php(1706): CodeIgniter\Database\BaseConnection->query()
#3 /home/moon/Documents/Study/S4/Mr Rojo/Sys information/Projet_codeigniter4/Gestion_note_CodeIgniter4/system/Database/BaseConnection.php(1726): CodeIgniter\Database\BaseConnection->listTables()
#4 /home/moon/Documents/Study/S4/Mr Rojo/Sys information/Projet_codeigniter4/Gestion_note_CodeIgniter4/system/Database/MigrationRunner.php(821): CodeIgniter\Database\BaseConnection->tableExists()
#5 /home/moon/Documents/Study/S4/Mr Rojo/Sys information/Projet_codeigniter4/Gestion_note_CodeIgniter4/system/Database/MigrationRunner.php(173): CodeIgniter\Database\MigrationRunner->ensureTable()
#6 /home/moon/Documents/Study/S4/Mr Rojo/Sys information/Projet_codeigniter4/Gestion_note_CodeIgniter4/system/Commands/Database/Migrate.php(89): CodeIgniter\Database\MigrationRunner->latest()
#7 /home/moon/Documents/Study/S4/Mr Rojo/Sys information/Projet_codeigniter4/Gestion_note_CodeIgniter4/system/CLI/SignalTrait.php(245): CodeIgniter\Commands\Database\Migrate::CodeIgniter\Commands\Database\{closure}()
#8 /home/moon/Documents/Study/S4/Mr Rojo/Sys information/Projet_codeigniter4/Gestion_note_CodeIgniter4/system/Commands/Database/Migrate.php(88): CodeIgniter\Commands\Database\Migrate->withSignalsBlocked()
#9 /home/moon/Documents/Study/S4/Mr Rojo/Sys information/Projet_codeigniter4/Gestion_note_CodeIgniter4/system/CLI/Commands.php(74): CodeIgniter\Commands\Database\Migrate->run()
#10 /home/moon/Documents/Study/S4/Mr Rojo/Sys information/Projet_codeigniter4/Gestion_note_CodeIgniter4/system/CLI/Console.php(47): CodeIgniter\CLI\Commands->run()
#11 /home/moon/Documents/Study/S4/Mr Rojo/Sys information/Projet_codeigniter4/Gestion_note_CodeIgniter4/system/Boot.php(442): CodeIgniter\CLI\Console->run()
#12 /home/moon/Documents/Study/S4/Mr Rojo/Sys information/Projet_codeigniter4/Gestion_note_CodeIgniter4/system/Boot.php(166): CodeIgniter\Boot::runCommand()
#13 /home/moon/Documents/Study/S4/Mr Rojo/Sys information/Projet_codeigniter4/Gestion_note_CodeIgniter4/spark(87): CodeIgniter\Boot::bootSpark()
#14 {main}
ERROR - 2026-04-29 08:26:34 --> Duplicate key name 'username'
in SYSTEMPATH/Database/MySQLi/Connection.php on line 300.
 1 SYSTEMPATH/Database/MySQLi/Connection.php(300): mysqli->query()
 2 SYSTEMPATH/Database/BaseConnection.php(910): CodeIgniter\Database\MySQLi\Connection->execute()
 3 SYSTEMPATH/Database/BaseConnection.php(827): CodeIgniter\Database\BaseConnection->simpleQuery()
 4 SYSTEMPATH/Database/Forge.php(570): CodeIgniter\Database\BaseConnection->query()
 5 APPPATH/Database/Migrations/2026_04_29_000001_create_all_tables.php(56): CodeIgniter\Database\Forge->createTable()
 6 SYSTEMPATH/Database/MigrationRunner.php(1014): App\Database\Migrations\CreateAllTables->up()
 7 SYSTEMPATH/Database/MigrationRunner.php(202): CodeIgniter\Database\MigrationRunner->migrate()
 8 SYSTEMPATH/Commands/Database/Migrate.php(89): CodeIgniter\Database\MigrationRunner->latest()
 9 SYSTEMPATH/CLI/SignalTrait.php(245): CodeIgniter\Commands\Database\Migrate::CodeIgniter\Commands\Database\{closure}()
10 SYSTEMPATH/Commands/Database/Migrate.php(88): CodeIgniter\Commands\Database\Migrate->withSignalsBlocked()
11 SYSTEMPATH/CLI/Commands.php(74): CodeIgniter\Commands\Database\Migrate->run()
12 SYSTEMPATH/CLI/Console.php(47): CodeIgniter\CLI\Commands->run()
13 SYSTEMPATH/Boot.php(442): CodeIgniter\CLI\Console->run()
14 SYSTEMPATH/Boot.php(166): CodeIgniter\Boot::runCommand()
15 ROOTPATH/spark(87): CodeIgniter\Boot::bootSpark()
ERROR - 2026-04-29 08:27:40 --> Table 'parcours' already exists
in SYSTEMPATH/Database/MySQLi/Connection.php on line 300.
 1 SYSTEMPATH/Database/MySQLi/Connection.php(300): mysqli->query()
 2 SYSTEMPATH/Database/BaseConnection.php(910): CodeIgniter\Database\MySQLi\Connection->execute()
 3 SYSTEMPATH/Database/BaseConnection.php(827): CodeIgniter\Database\BaseConnection->simpleQuery()
 4 SYSTEMPATH/Database/Forge.php(570): CodeIgniter\Database\BaseConnection->query()
 5 APPPATH/Database/Migrations/2026_04_29_000001_create_all_tables.php(24): CodeIgniter\Database\Forge->createTable()
 6 SYSTEMPATH/Database/MigrationRunner.php(1014): App\Database\Migrations\CreateAllTables->up()
 7 SYSTEMPATH/Database/MigrationRunner.php(202): CodeIgniter\Database\MigrationRunner->migrate()
 8 SYSTEMPATH/Commands/Database/Migrate.php(89): CodeIgniter\Database\MigrationRunner->latest()
 9 SYSTEMPATH/CLI/SignalTrait.php(245): CodeIgniter\Commands\Database\Migrate::CodeIgniter\Commands\Database\{closure}()
10 SYSTEMPATH/Commands/Database/Migrate.php(88): CodeIgniter\Commands\Database\Migrate->withSignalsBlocked()
11 SYSTEMPATH/CLI/Commands.php(74): CodeIgniter\Commands\Database\Migrate->run()
12 SYSTEMPATH/CLI/Console.php(47): CodeIgniter\CLI\Commands->run()
13 SYSTEMPATH/Boot.php(442): CodeIgniter\CLI\Console->run()
14 SYSTEMPATH/Boot.php(166): CodeIgniter\Boot::runCommand()
15 ROOTPATH/spark(87): CodeIgniter\Boot::bootSpark()
ERROR - 2026-04-29 08:28:46 --> Table 'parcours' already exists
in SYSTEMPATH/Database/MySQLi/Connection.php on line 300.
 1 SYSTEMPATH/Database/MySQLi/Connection.php(300): mysqli->query()
 2 SYSTEMPATH/Database/BaseConnection.php(910): CodeIgniter\Database\MySQLi\Connection->execute()
 3 SYSTEMPATH/Database/BaseConnection.php(827): CodeIgniter\Database\BaseConnection->simpleQuery()
 4 SYSTEMPATH/Database/Forge.php(570): CodeIgniter\Database\BaseConnection->query()
 5 APPPATH/Database/Migrations/2026_04_29_000001_create_all_tables.php(24): CodeIgniter\Database\Forge->createTable()
 6 SYSTEMPATH/Database/MigrationRunner.php(1014): App\Database\Migrations\CreateAllTables->up()
 7 SYSTEMPATH/Database/MigrationRunner.php(202): CodeIgniter\Database\MigrationRunner->migrate()
 8 SYSTEMPATH/Commands/Database/Migrate.php(89): CodeIgniter\Database\MigrationRunner->latest()
 9 SYSTEMPATH/CLI/SignalTrait.php(245): CodeIgniter\Commands\Database\Migrate::CodeIgniter\Commands\Database\{closure}()
10 SYSTEMPATH/Commands/Database/Migrate.php(88): CodeIgniter\Commands\Database\Migrate->withSignalsBlocked()
11 SYSTEMPATH/CLI/Commands.php(74): CodeIgniter\Commands\Database\Migrate->run()
12 SYSTEMPATH/CLI/BaseCommand.php(119): CodeIgniter\CLI\Commands->run()
13 SYSTEMPATH/Commands/Database/MigrateRefresh.php(91): CodeIgniter\CLI\BaseCommand->call()
14 SYSTEMPATH/CLI/SignalTrait.php(245): CodeIgniter\Commands\Database\MigrateRefresh->CodeIgniter\Commands\Database\{closure}()
15 SYSTEMPATH/Commands/Database/MigrateRefresh.php(89): CodeIgniter\Commands\Database\MigrateRefresh->withSignalsBlocked()
16 SYSTEMPATH/CLI/Commands.php(74): CodeIgniter\Commands\Database\MigrateRefresh->run()
17 SYSTEMPATH/CLI/Console.php(47): CodeIgniter\CLI\Commands->run()
18 SYSTEMPATH/Boot.php(442): CodeIgniter\CLI\Console->run()
19 SYSTEMPATH/Boot.php(166): CodeIgniter\Boot::runCommand()
20 ROOTPATH/spark(87): CodeIgniter\Boot::bootSpark()
